// Jest Snapshot v1, https://goo.gl/fbAQLP

exports[`Link Renders Card 1`] = `ShallowWrapper {}`;

exports[`Movie Card should render correctly 1`] = `ShallowWrapper {}`;
