// Jest Snapshot v1, https://goo.gl/fbAQLP

exports[`Header Card should render correctly 1`] = `ShallowWrapper {}`;
